<html>
<body>
<pre>
<h1>µVision Build Log</h1>
<h2>Tool Versions:</h2>
IDE-Version: µVision V5.25.2.0
Copyright (C) 2018 ARM Ltd and ARM Germany GmbH. All rights reserved.
License Information: tohid gadiri, mrs, LIC=ZB4FW-QCYIF-01WP1-CEDEP-4AUN6-ZHDQH
 
Tool Versions:
Toolchain:       MDK-ARM Plus  Version: 5.25.2.0
Toolchain Path:  C:\Keil_v525\ARM\ARMCC\Bin
C Compiler:      Armcc.exe V5.06 update 6 (build 750)
Assembler:       Armasm.exe V5.06 update 6 (build 750)
Linker/Locator:  ArmLink.exe V5.06 update 6 (build 750)
Library Manager: ArmAr.exe V5.06 update 6 (build 750)
Hex Converter:   FromElf.exe V5.06 update 6 (build 750)
CPU DLL:         SARMCM3.DLL V5.25.2.0
Dialog DLL:      DARMP1.DLL V1.27.0.0
Target DLL:      Segger\JL2CM3.dll V2.99.26.0
Dialog DLL:      TCM.DLL V1.35.1.0
 
<h2>Project:</h2>
D:\Electronic enginering\Programing\MyProject\taghi ic5 Door\ic5DoorDriver.uvprojx
Project File Date:  01/03/2019

<h2>Output:</h2>
*** Using Compiler 'V5.06 update 6 (build 750)', folder: 'C:\Keil_v525\ARM\ARMCC\Bin'
Build target 'LPC1768'
compiling process.c...
sensor.h(56): warning:  #1-D: last line of file ends without a newline
  #endif
button.h(31): warning:  #1-D: last line of file ends without a newline
  #endif
ic5.h(21): warning:  #1-D: last line of file ends without a newline
  #endif
process.h(12): warning:  #1-D: last line of file ends without a newline
  #endif
process.c(78): warning:  #1-D: last line of file ends without a newline
  }
process.c: 5 warnings, 0 errors
compiling sensor.c...
sensor.h(56): warning:  #1-D: last line of file ends without a newline
  #endif
sensor.c(151): warning:  #1-D: last line of file ends without a newline
  }
sensor.c: 2 warnings, 0 errors
compiling door.c...
sensor.h(56): warning:  #1-D: last line of file ends without a newline
  #endif
button.h(31): warning:  #1-D: last line of file ends without a newline
  #endif
ic5.h(21): warning:  #1-D: last line of file ends without a newline
  #endif
door.c(32): warning:  #1-D: last line of file ends without a newline
  }
door.c: 4 warnings, 0 errors
compiling main.c...
sensor.h(56): warning:  #1-D: last line of file ends without a newline
  #endif
button.h(31): warning:  #1-D: last line of file ends without a newline
  #endif
ic5.h(21): warning:  #1-D: last line of file ends without a newline
  #endif
process.h(12): warning:  #1-D: last line of file ends without a newline
  #endif
main.c(10): warning:  #1-D: last line of file ends without a newline
  }
main.c: 5 warnings, 0 errors
compiling button.c...
button.h(31): warning:  #1-D: last line of file ends without a newline
  #endif
button.c: 1 warning, 0 errors
compiling remote.c...
remote.c(82): warning:  #1-D: last line of file ends without a newline
  }   	
remote.c: 1 warning, 0 errors
compiling ic5.c...
ic5.h(21): warning:  #1-D: last line of file ends without a newline
  #endif
ic5.c: 1 warning, 0 errors
compiling modbus.c...
compiling sleep.c...
assembling startup_LPC17xx.s...
compiling uart2.c...
compiling couple.c...
couple.c(29): warning:  #1-D: last line of file ends without a newline
  }
couple.c: 1 warning, 0 errors
compiling system_LPC17xx.c...
linking...
Program Size: Code=2972 RO-data=252 RW-data=20 ZI-data=628  
".\Objects\ic5DoorDriver.axf" - 0 Error(s), 20 Warning(s).

<h2>Software Packages used:</h2>

Package Vendor: ARM
                http://www.keil.com/pack/ARM.CMSIS.5.3.0.pack
                ARM.CMSIS.5.3.0
                CMSIS (Cortex Microcontroller Software Interface Standard)
   * Component: CORE Version: 5.1.1

Package Vendor: Keil
                http://www.keil.com/pack/Keil.LPC1700_DFP.2.5.0.pack
                Keil.LPC1700_DFP.2.5.0
                NXP LPC1700 Series Device Support, Drivers and Examples for MCB1700 and LPC1788-32
   * Component: Startup Version: 1.0.0

<h2>Collection of Component include folders:</h2>
  .\RTE\Device\LPC1768
  .\RTE\_LPC1768
  C:\Keil_v525\ARM\PACK\ARM\CMSIS\5.3.0\CMSIS\Include
  C:\Keil_v525\ARM\PACK\Keil\LPC1700_DFP\2.5.0\Device\Include

<h2>Collection of Component Files used:</h2>

   * Component: ARM::CMSIS:CORE:5.1.1

   * Component: Keil::Device:Startup:1.0.0
      Source file:   Device\Source\ARM\startup_LPC17xx.s
      Include file:  RTE_Driver\Config\RTE_Device.h
      Include file:  Device\Include\LPC17xx.h
      Source file:   Device\Source\system_LPC17xx.c
Build Time Elapsed:  00:00:09
</pre>
</body>
</html>
