Component: ARM Compiler 5.06 update 6 (build 750) Tool: armlink [4d35ed]

==============================================================================

Section Cross References

    main.o(i.main) refers to sleep.o(i._Z5sleepl) for sleep(long)
    main.o(i.main) refers to process.o(i._Z12startProcessv) for startProcess()
    main.o(.ARM.exidx) refers to main.o(i.main) for i.main
    process.o(i._Z12startProcessv) refers to door.o(i._Z8doorInitv) for doorInit()
    process.o(i._Z12startProcessv) refers to sensor.o(i._Z13getReadSensorv) for getReadSensor()
    process.o(i._Z12startProcessv) refers to button.o(i._Z13getReadButtonv) for getReadButton()
    process.o(i._Z12startProcessv) refers to remote.o(i._Z13getReadRemotev) for getReadRemote()
    process.o(i._Z12startProcessv) refers to couple.o(i._Z12coupleEnablev) for coupleEnable()
    process.o(i._Z12startProcessv) refers to sleep.o(i._Z5sleepl) for sleep(long)
    process.o(i._Z12startProcessv) refers to ic5.o(i._Z15ic5SetFrequencyh) for ic5SetFrequency(unsigned char)
    process.o(i._Z12startProcessv) refers to door.o(i._Z9doorClosev) for doorClose()
    process.o(i._Z12startProcessv) refers to door.o(i._Z8doorStopv) for doorStop()
    process.o(i._Z12startProcessv) refers to ic5.o(i._Z11ic5IsStopedv) for ic5IsStoped()
    process.o(i._Z12startProcessv) refers to couple.o(i._Z13coupleDisablev) for coupleDisable()
    process.o(i._Z12startProcessv) refers to door.o(i._Z8doorOpenv) for doorOpen()
    process.o(i._Z12startProcessv) refers to remote.o(.data) for isRemoteClose
    process.o(i._Z12startProcessv) refers to button.o(.data) for isButtonClose
    process.o(i._Z12startProcessv) refers to sensor.o(.data) for isSensorClose
    process.o(.ARM.exidx) refers to process.o(i._Z12startProcessv) for i._Z12startProcessv
    door.o(i._Z8doorInitv) refers to sensor.o(i._Z10sensorInitv) for sensorInit()
    door.o(i._Z8doorInitv) refers to remote.o(i._Z10remoteInitv) for remoteInit()
    door.o(i._Z8doorInitv) refers to button.o(i._Z10buttonInitv) for buttonInit()
    door.o(i._Z8doorInitv) refers to couple.o(i._Z10coupleInitv) for coupleInit()
    door.o(i._Z8doorInitv) refers to ic5.o(i._Z7ic5Initv) for ic5Init()
    door.o(i._Z8doorOpenv) refers to ic5.o(i._Z8ic5Startb) for ic5Start(bool)
    door.o(i._Z8doorStopv) refers to ic5.o(i._Z7ic5Stopv) for ic5Stop()
    door.o(i._Z9doorClosev) refers to ic5.o(i._Z8ic5Startb) for ic5Start(bool)
    door.o(.ARM.exidx) refers to door.o(i._Z8doorInitv) for i._Z8doorInitv
    door.o(.ARM.exidx) refers to door.o(i._Z8doorOpenv) for i._Z8doorOpenv
    door.o(.ARM.exidx) refers to door.o(i._Z8doorStopv) for i._Z8doorStopv
    door.o(.ARM.exidx) refers to door.o(i._Z9doorClosev) for i._Z9doorClosev
    sensor.o(i._Z13getReadSensorv) refers to sensor.o(.data) for isSensorClose
    sensor.o(.ARM.exidx) refers to sensor.o(i._Z10sensorInitv) for i._Z10sensorInitv
    sensor.o(.ARM.exidx) refers to sensor.o(i._Z13getReadSensorv) for i._Z13getReadSensorv
    button.o(i._Z13getReadButtonv) refers to button.o(.data) for isButtonOpen
    button.o(.ARM.exidx) refers to button.o(i._Z10buttonInitv) for i._Z10buttonInitv
    button.o(.ARM.exidx) refers to button.o(i._Z13getReadButtonv) for i._Z13getReadButtonv
    remote.o(i._Z13getReadRemotev) refers to remote.o(.data) for isRemoteClose
    remote.o(.ARM.exidx) refers to remote.o(i._Z10remoteInitv) for i._Z10remoteInitv
    remote.o(.ARM.exidx) refers to remote.o(i._Z13getReadRemotev) for i._Z13getReadRemotev
    ic5.o(i._Z11ic5IsStopedv) refers to modbus.o(i._Z18modbusReadRegisterhtt) for modbusReadRegister(unsigned char, unsigned short, unsigned short)
    ic5.o(i._Z12ic5IsStartedv) refers to modbus.o(i._Z18modbusReadRegisterhtt) for modbusReadRegister(unsigned char, unsigned short, unsigned short)
    ic5.o(i._Z13ic5GetCurrentv) refers to modbus.o(i._Z18modbusReadRegisterhtt) for modbusReadRegister(unsigned char, unsigned short, unsigned short)
    ic5.o(i._Z14ic5GetFrequecyv) refers to modbus.o(i._Z18modbusReadRegisterhtt) for modbusReadRegister(unsigned char, unsigned short, unsigned short)
    ic5.o(i._Z15ic5SetFrequencyh) refers to modbus.o(i._Z19modbusWriteRegisterhtt) for modbusWriteRegister(unsigned char, unsigned short, unsigned short)
    ic5.o(i._Z7ic5Initv) refers to modbus.o(i._Z10modbusInitv) for modbusInit()
    ic5.o(i._Z7ic5Stopv) refers to modbus.o(i._Z19modbusWriteRegisterhtt) for modbusWriteRegister(unsigned char, unsigned short, unsigned short)
    ic5.o(i._Z8ic5Startb) refers to modbus.o(i._Z19modbusWriteRegisterhtt) for modbusWriteRegister(unsigned char, unsigned short, unsigned short)
    ic5.o(.ARM.exidx) refers to ic5.o(i._Z7ic5Initv) for i._Z7ic5Initv
    ic5.o(.ARM.exidx) refers to ic5.o(i._Z8ic5Startb) for i._Z8ic5Startb
    ic5.o(.ARM.exidx) refers to ic5.o(i._Z7ic5Stopv) for i._Z7ic5Stopv
    ic5.o(.ARM.exidx) refers to ic5.o(i._Z15ic5SetFrequencyh) for i._Z15ic5SetFrequencyh
    ic5.o(.ARM.exidx) refers to ic5.o(i._Z14ic5GetFrequecyv) for i._Z14ic5GetFrequecyv
    ic5.o(.ARM.exidx) refers to ic5.o(i._Z12ic5IsStartedv) for i._Z12ic5IsStartedv
    ic5.o(.ARM.exidx) refers to ic5.o(i._Z13ic5GetCurrentv) for i._Z13ic5GetCurrentv
    ic5.o(.ARM.exidx) refers to ic5.o(i._Z11ic5IsStopedv) for i._Z11ic5IsStopedv
    modbus.o(i._Z10modbusInitv) refers to uart2.o(i.uart2Init) for uart2Init
    modbus.o(i._Z10modbusInitv) refers to uart2.o(i.uart2SetFunctionOnReceivedData) for uart2SetFunctionOnReceivedData
    modbus.o(i._Z10modbusInitv) refers to modbus.o(.data) for modbusInit()::isInited
    modbus.o(i._Z10modbusInitv) refers to modbus.o(i._Z20modbusOnReceivedByteh) for modbusOnReceivedByte(unsigned char)
    modbus.o(i._Z13modbusReadBithtt) refers to modbus.o(i._Z18modbusCrcCalculatePhi) for modbusCrcCalculate(unsigned char*, int)
    modbus.o(i._Z13modbusReadBithtt) refers to uart2.o(i.uart2WriteBuffer) for uart2WriteBuffer
    modbus.o(i._Z13modbusReadBithtt) refers to modbus.o(i._Z17modbusClearBufferv) for modbusClearBuffer()
    modbus.o(i._Z13modbusReadBithtt) refers to modbus.o(.data) for modbusReceivedDataLen
    modbus.o(i._Z13modbusReadBithtt) refers to modbus.o(.bss) for receivedData
    modbus.o(i._Z14modbusWriteBithtb) refers to modbus.o(i._Z18modbusCrcCalculatePhi) for modbusCrcCalculate(unsigned char*, int)
    modbus.o(i._Z14modbusWriteBithtb) refers to uart2.o(i.uart2WriteBuffer) for uart2WriteBuffer
    modbus.o(i._Z14modbusWriteBithtb) refers to modbus.o(i._Z17modbusClearBufferv) for modbusClearBuffer()
    modbus.o(i._Z14modbusWriteBithtb) refers to modbus.o(.data) for modbusReceivedDataLen
    modbus.o(i._Z14modbusWriteBithtb) refers to modbus.o(.bss) for receivedData
    modbus.o(i._Z17modbusClearBufferv) refers to modbus.o(.data) for modbusReceivedDataLen
    modbus.o(i._Z17modbusClearBufferv) refers to modbus.o(.bss) for receivedData
    modbus.o(i._Z18modbusReadRegisterhtt) refers to modbus.o(i._Z18modbusCrcCalculatePhi) for modbusCrcCalculate(unsigned char*, int)
    modbus.o(i._Z18modbusReadRegisterhtt) refers to uart2.o(i.uart2WriteBuffer) for uart2WriteBuffer
    modbus.o(i._Z18modbusReadRegisterhtt) refers to modbus.o(i._Z17modbusClearBufferv) for modbusClearBuffer()
    modbus.o(i._Z18modbusReadRegisterhtt) refers to modbus.o(.data) for modbusReceivedDataLen
    modbus.o(i._Z18modbusReadRegisterhtt) refers to modbus.o(.bss) for receivedData
    modbus.o(i._Z19modbusWriteRegisterhtt) refers to modbus.o(i._Z18modbusCrcCalculatePhi) for modbusCrcCalculate(unsigned char*, int)
    modbus.o(i._Z19modbusWriteRegisterhtt) refers to uart2.o(i.uart2WriteBuffer) for uart2WriteBuffer
    modbus.o(i._Z19modbusWriteRegisterhtt) refers to modbus.o(i._Z17modbusClearBufferv) for modbusClearBuffer()
    modbus.o(i._Z19modbusWriteRegisterhtt) refers to modbus.o(.data) for modbusReceivedDataLen
    modbus.o(i._Z19modbusWriteRegisterhtt) refers to modbus.o(.bss) for receivedData
    modbus.o(i._Z20modbusOnReceivedByteh) refers to modbus.o(.data) for modbusReceivedDataLen
    modbus.o(i._Z20modbusOnReceivedByteh) refers to modbus.o(.bss) for receivedData
    modbus.o(.ARM.exidx) refers to modbus.o(i._Z18modbusCrcCalculatePhi) for i._Z18modbusCrcCalculatePhi
    modbus.o(.ARM.exidx) refers to modbus.o(i._Z20modbusOnReceivedByteh) for i._Z20modbusOnReceivedByteh
    modbus.o(.ARM.exidx) refers to modbus.o(i._Z10modbusInitv) for i._Z10modbusInitv
    modbus.o(.ARM.exidx) refers to modbus.o(i._Z17modbusClearBufferv) for i._Z17modbusClearBufferv
    modbus.o(.ARM.exidx) refers to modbus.o(i._Z19modbusWriteRegisterhtt) for i._Z19modbusWriteRegisterhtt
    modbus.o(.ARM.exidx) refers to modbus.o(i._Z18modbusReadRegisterhtt) for i._Z18modbusReadRegisterhtt
    modbus.o(.ARM.exidx) refers to modbus.o(i._Z14modbusWriteBithtb) for i._Z14modbusWriteBithtb
    modbus.o(.ARM.exidx) refers to modbus.o(i._Z13modbusReadBithtt) for i._Z13modbusReadBithtt
    uart2.o(i.UART2_IRQHandler) refers to uart2.o(.data) for uart2OnReceivedDataCallBack
    uart2.o(i.uart2Init) refers to sleep.o(i._Z5sleepl) for sleep(long)
    uart2.o(i.uart2SetFunctionOnReceivedData) refers to uart2.o(.data) for uart2OnReceivedDataCallBack
    uart2.o(i.uart2WriteBuffer) refers to sleep.o(i._Z5sleepl) for sleep(long)
    uart2.o(i.uart2WriteByte) refers to sleep.o(i._Z5sleepl) for sleep(long)
    uart2.o(i.uart2WriteString) refers to sleep.o(i._Z5sleepl) for sleep(long)
    uart2.o(.ARM.exidx) refers to uart2.o(i.uart2Init) for i.uart2Init
    uart2.o(.ARM.exidx) refers to uart2.o(i.uart2WriteByte) for i.uart2WriteByte
    uart2.o(.ARM.exidx) refers to uart2.o(i.uart2WriteBuffer) for i.uart2WriteBuffer
    uart2.o(.ARM.exidx) refers to uart2.o(i.uart2WriteString) for i.uart2WriteString
    uart2.o(.ARM.exidx) refers to uart2.o(i.uart2SetFunctionOnReceivedData) for i.uart2SetFunctionOnReceivedData
    uart2.o(.ARM.exidx) refers to uart2.o(i.UART2_IRQHandler) for i.UART2_IRQHandler
    sleep.o(.ARM.exidx) refers to sleep.o(i._Z5sleepl) for i._Z5sleepl
    couple.o(.ARM.exidx) refers to couple.o(i._Z10coupleInitv) for i._Z10coupleInitv
    couple.o(.ARM.exidx) refers to couple.o(i._Z12coupleEnablev) for i._Z12coupleEnablev
    couple.o(.ARM.exidx) refers to couple.o(i._Z13coupleDisablev) for i._Z13coupleDisablev
    startup_lpc17xx.o(STACK) refers (Special) to heapauxi.o(.text) for __use_two_region_memory
    startup_lpc17xx.o(HEAP) refers (Special) to heapauxi.o(.text) for __use_two_region_memory
    startup_lpc17xx.o(RESET) refers (Special) to heapauxi.o(.text) for __use_two_region_memory
    startup_lpc17xx.o(RESET) refers to startup_lpc17xx.o(STACK) for __initial_sp
    startup_lpc17xx.o(RESET) refers to startup_lpc17xx.o(.text) for Reset_Handler
    startup_lpc17xx.o(RESET) refers to uart2.o(i.UART2_IRQHandler) for UART2_IRQHandler
    startup_lpc17xx.o(.ARM.__at_0x02FC) refers (Special) to heapauxi.o(.text) for __use_two_region_memory
    startup_lpc17xx.o(.text) refers (Special) to heapauxi.o(.text) for __use_two_region_memory
    startup_lpc17xx.o(.text) refers to system_lpc17xx.o(i.SystemInit) for SystemInit
    startup_lpc17xx.o(.text) refers to __main.o(!!!main) for __main
    startup_lpc17xx.o(.text) refers to startup_lpc17xx.o(HEAP) for Heap_Mem
    startup_lpc17xx.o(.text) refers to startup_lpc17xx.o(STACK) for Stack_Mem
    system_lpc17xx.o(i.SystemCoreClockUpdate) refers to lludivv7m.o(.text) for __aeabi_uldivmod
    system_lpc17xx.o(i.SystemCoreClockUpdate) refers to system_lpc17xx.o(.data) for SystemCoreClock
    system_lpc17xx.o(.ARM.exidx) refers to system_lpc17xx.o(i.SystemCoreClockUpdate) for i.SystemCoreClockUpdate
    system_lpc17xx.o(.ARM.exidx) refers to system_lpc17xx.o(i.SystemInit) for i.SystemInit
    __main.o(!!!main) refers to __rtentry.o(.ARM.Collect$$rtentry$$00000000) for __rt_entry
    __rtentry.o(.ARM.Collect$$rtentry$$00000000) refers (Special) to __rtentry2.o(.ARM.Collect$$rtentry$$0000000A) for __rt_entry_li
    __rtentry.o(.ARM.Collect$$rtentry$$00000000) refers (Special) to __rtentry2.o(.ARM.Collect$$rtentry$$0000000D) for __rt_entry_main
    __rtentry.o(.ARM.Collect$$rtentry$$00000000) refers (Special) to __rtentry2.o(.ARM.Collect$$rtentry$$0000000C) for __rt_entry_postli_1
    __rtentry.o(.ARM.Collect$$rtentry$$00000000) refers (Special) to __rtentry2.o(.ARM.Collect$$rtentry$$00000009) for __rt_entry_postsh_1
    __rtentry.o(.ARM.Collect$$rtentry$$00000000) refers (Special) to __rtentry2.o(.ARM.Collect$$rtentry$$00000002) for __rt_entry_presh_1
    __rtentry.o(.ARM.Collect$$rtentry$$00000000) refers (Special) to __rtentry4.o(.ARM.Collect$$rtentry$$00000004) for __rt_entry_sh
    aeabi_ldiv0_sigfpe.o(.text) refers to rt_div0.o(.text) for __rt_div0
    __rtentry2.o(.ARM.Collect$$rtentry$$00000008) refers to boardinit2.o(.text) for _platform_post_stackheap_init
    __rtentry2.o(.ARM.Collect$$rtentry$$0000000A) refers to libinit.o(.ARM.Collect$$libinit$$00000000) for __rt_lib_init
    __rtentry2.o(.ARM.Collect$$rtentry$$0000000B) refers to boardinit3.o(.text) for _platform_post_lib_init
    __rtentry2.o(.ARM.Collect$$rtentry$$0000000D) refers to main.o(i.main) for main
    __rtentry2.o(.ARM.Collect$$rtentry$$0000000D) refers to exit.o(.text) for exit
    __rtentry2.o(.ARM.exidx) refers to __rtentry2.o(.ARM.Collect$$rtentry$$00000001) for .ARM.Collect$$rtentry$$00000001
    __rtentry2.o(.ARM.exidx) refers to __rtentry2.o(.ARM.Collect$$rtentry$$00000008) for .ARM.Collect$$rtentry$$00000008
    __rtentry2.o(.ARM.exidx) refers to __rtentry2.o(.ARM.Collect$$rtentry$$0000000A) for .ARM.Collect$$rtentry$$0000000A
    __rtentry2.o(.ARM.exidx) refers to __rtentry2.o(.ARM.Collect$$rtentry$$0000000B) for .ARM.Collect$$rtentry$$0000000B
    __rtentry2.o(.ARM.exidx) refers to __rtentry2.o(.ARM.Collect$$rtentry$$0000000D) for .ARM.Collect$$rtentry$$0000000D
    __rtentry4.o(.ARM.Collect$$rtentry$$00000004) refers to sys_stackheap_outer.o(.text) for __user_setup_stackheap
    __rtentry4.o(.ARM.exidx) refers to __rtentry4.o(.ARM.Collect$$rtentry$$00000004) for .ARM.Collect$$rtentry$$00000004
    rt_div0.o(.text) refers to defsig_fpe_outer.o(.text) for __rt_SIGFPE
    sys_stackheap_outer.o(.text) refers to libspace.o(.text) for __user_perproc_libspace
    sys_stackheap_outer.o(.text) refers to startup_lpc17xx.o(.text) for __user_initial_stackheap
    exit.o(.text) refers to rtexit.o(.ARM.Collect$$rtexit$$00000000) for __rt_exit
    defsig_fpe_outer.o(.text) refers to defsig_fpe_inner.o(.text) for __rt_SIGFPE_inner
    defsig_fpe_outer.o(.text) refers to defsig_exit.o(.text) for __sig_exit
    defsig_fpe_formal.o(.text) refers to rt_raise.o(.text) for __rt_raise
    libinit.o(.ARM.Collect$$libinit$$00000000) refers (Special) to libinit2.o(.ARM.Collect$$libinit$$0000002E) for __rt_lib_init_alloca_1
    libinit.o(.ARM.Collect$$libinit$$00000000) refers (Special) to libinit2.o(.ARM.Collect$$libinit$$0000002C) for __rt_lib_init_argv_1
    libinit.o(.ARM.Collect$$libinit$$00000000) refers (Special) to libinit2.o(.ARM.Collect$$libinit$$0000001B) for __rt_lib_init_atexit_1
    libinit.o(.ARM.Collect$$libinit$$00000000) refers (Special) to libinit2.o(.ARM.Collect$$libinit$$00000021) for __rt_lib_init_clock_1
    libinit.o(.ARM.Collect$$libinit$$00000000) refers (Special) to libinit2.o(.ARM.Collect$$libinit$$00000032) for __rt_lib_init_cpp_1
    libinit.o(.ARM.Collect$$libinit$$00000000) refers (Special) to libinit2.o(.ARM.Collect$$libinit$$00000030) for __rt_lib_init_exceptions_1
    libinit.o(.ARM.Collect$$libinit$$00000000) refers (Special) to libinit2.o(.ARM.Collect$$libinit$$00000002) for __rt_lib_init_fp_1
    libinit.o(.ARM.Collect$$libinit$$00000000) refers (Special) to libinit2.o(.ARM.Collect$$libinit$$0000001F) for __rt_lib_init_fp_trap_1
    libinit.o(.ARM.Collect$$libinit$$00000000) refers (Special) to libinit2.o(.ARM.Collect$$libinit$$00000023) for __rt_lib_init_getenv_1
    libinit.o(.ARM.Collect$$libinit$$00000000) refers (Special) to libinit2.o(.ARM.Collect$$libinit$$0000000A) for __rt_lib_init_heap_1
    libinit.o(.ARM.Collect$$libinit$$00000000) refers (Special) to libinit2.o(.ARM.Collect$$libinit$$00000011) for __rt_lib_init_lc_collate_1
    libinit.o(.ARM.Collect$$libinit$$00000000) refers (Special) to libinit2.o(.ARM.Collect$$libinit$$00000013) for __rt_lib_init_lc_ctype_1
    libinit.o(.ARM.Collect$$libinit$$00000000) refers (Special) to libinit2.o(.ARM.Collect$$libinit$$00000015) for __rt_lib_init_lc_monetary_1
    libinit.o(.ARM.Collect$$libinit$$00000000) refers (Special) to libinit2.o(.ARM.Collect$$libinit$$00000017) for __rt_lib_init_lc_numeric_1
    libinit.o(.ARM.Collect$$libinit$$00000000) refers (Special) to libinit2.o(.ARM.Collect$$libinit$$00000019) for __rt_lib_init_lc_time_1
    libinit.o(.ARM.Collect$$libinit$$00000000) refers (Special) to libinit2.o(.ARM.Collect$$libinit$$00000004) for __rt_lib_init_preinit_1
    libinit.o(.ARM.Collect$$libinit$$00000000) refers (Special) to libinit2.o(.ARM.Collect$$libinit$$0000000E) for __rt_lib_init_rand_1
    libinit.o(.ARM.Collect$$libinit$$00000000) refers (Special) to libinit2.o(.ARM.Collect$$libinit$$00000033) for __rt_lib_init_return
    libinit.o(.ARM.Collect$$libinit$$00000000) refers (Special) to libinit2.o(.ARM.Collect$$libinit$$0000001D) for __rt_lib_init_signal_1
    libinit.o(.ARM.Collect$$libinit$$00000000) refers (Special) to libinit2.o(.ARM.Collect$$libinit$$00000025) for __rt_lib_init_stdio_1
    libinit.o(.ARM.Collect$$libinit$$00000000) refers (Special) to libinit2.o(.ARM.Collect$$libinit$$0000000C) for __rt_lib_init_user_alloc_1
    libspace.o(.text) refers to libspace.o(.bss) for __libspace_start
    rtexit.o(.ARM.Collect$$rtexit$$00000000) refers (Special) to rtexit2.o(.ARM.Collect$$rtexit$$00000004) for __rt_exit_exit
    rtexit.o(.ARM.Collect$$rtexit$$00000000) refers (Special) to rtexit2.o(.ARM.Collect$$rtexit$$00000003) for __rt_exit_ls
    rtexit.o(.ARM.Collect$$rtexit$$00000000) refers (Special) to rtexit2.o(.ARM.Collect$$rtexit$$00000002) for __rt_exit_prels_1
    rtexit.o(.ARM.exidx) refers (Special) to rtexit2.o(.ARM.Collect$$rtexit$$00000004) for __rt_exit_exit
    rtexit.o(.ARM.exidx) refers (Special) to rtexit2.o(.ARM.Collect$$rtexit$$00000003) for __rt_exit_ls
    rtexit.o(.ARM.exidx) refers (Special) to rtexit2.o(.ARM.Collect$$rtexit$$00000002) for __rt_exit_prels_1
    rtexit.o(.ARM.exidx) refers to rtexit.o(.ARM.Collect$$rtexit$$00000000) for .ARM.Collect$$rtexit$$00000000
    rt_raise.o(.text) refers to __raise.o(.text) for __raise
    rt_raise.o(.text) refers to sys_exit.o(.text) for _sys_exit
    defsig_exit.o(.text) refers to sys_exit.o(.text) for _sys_exit
    defsig_fpe_inner.o(.text) refers to defsig_general.o(.text) for __default_signal_display
    libinit2.o(.ARM.Collect$$libinit$$00000010) refers to libinit2.o(.ARM.Collect$$libinit$$0000000F) for .ARM.Collect$$libinit$$0000000F
    libinit2.o(.ARM.Collect$$libinit$$00000012) refers to libinit2.o(.ARM.Collect$$libinit$$0000000F) for .ARM.Collect$$libinit$$0000000F
    libinit2.o(.ARM.Collect$$libinit$$00000014) refers to libinit2.o(.ARM.Collect$$libinit$$0000000F) for .ARM.Collect$$libinit$$0000000F
    libinit2.o(.ARM.Collect$$libinit$$00000016) refers to libinit2.o(.ARM.Collect$$libinit$$0000000F) for .ARM.Collect$$libinit$$0000000F
    libinit2.o(.ARM.Collect$$libinit$$00000018) refers to libinit2.o(.ARM.Collect$$libinit$$0000000F) for .ARM.Collect$$libinit$$0000000F
    libinit2.o(.ARM.Collect$$libinit$$00000026) refers to argv_veneer.o(.emb_text) for __ARM_argv_veneer
    libinit2.o(.ARM.Collect$$libinit$$00000027) refers to argv_veneer.o(.emb_text) for __ARM_argv_veneer
    sys_exit.o(.text) refers (Special) to use_no_semi.o(.text) for __I$use$semihosting
    sys_exit.o(.text) refers (Special) to indicate_semi.o(.text) for __semihosting_library_function
    rtexit2.o(.ARM.Collect$$rtexit$$00000003) refers to libshutdown.o(.ARM.Collect$$libshutdown$$00000000) for __rt_lib_shutdown
    rtexit2.o(.ARM.Collect$$rtexit$$00000004) refers to sys_exit.o(.text) for _sys_exit
    rtexit2.o(.ARM.exidx) refers to rtexit2.o(.ARM.Collect$$rtexit$$00000001) for .ARM.Collect$$rtexit$$00000001
    rtexit2.o(.ARM.exidx) refers to rtexit2.o(.ARM.Collect$$rtexit$$00000003) for .ARM.Collect$$rtexit$$00000003
    rtexit2.o(.ARM.exidx) refers to rtexit2.o(.ARM.Collect$$rtexit$$00000004) for .ARM.Collect$$rtexit$$00000004
    __raise.o(.text) refers to defsig.o(CL$$defsig) for __default_signal_handler
    defsig_general.o(.text) refers to sys_wrch.o(.text) for _ttywrch
    argv_veneer.o(.emb_text) refers to no_argv.o(.text) for __ARM_get_argv
    sys_wrch.o(.text) refers (Special) to use_no_semi.o(.text) for __I$use$semihosting
    sys_wrch.o(.text) refers (Special) to indicate_semi.o(.text) for __semihosting_library_function
    defsig.o(CL$$defsig) refers to defsig_fpe_inner.o(.text) for __rt_SIGFPE_inner
    defsig.o(CL$$defsig) refers to defsig_rtmem_inner.o(.text) for __rt_SIGRTMEM_inner
    _get_argv_nomalloc.o(.text) refers (Special) to hrguard.o(.text) for __heap_region$guard
    _get_argv_nomalloc.o(.text) refers to defsig_rtmem_outer.o(.text) for __rt_SIGRTMEM
    _get_argv_nomalloc.o(.text) refers to sys_command.o(.text) for _sys_command_string
    libshutdown.o(.ARM.Collect$$libshutdown$$00000000) refers (Special) to libshutdown2.o(.ARM.Collect$$libshutdown$$00000002) for __rt_lib_shutdown_cpp_1
    libshutdown.o(.ARM.Collect$$libshutdown$$00000000) refers (Special) to libshutdown2.o(.ARM.Collect$$libshutdown$$00000007) for __rt_lib_shutdown_fp_trap_1
    libshutdown.o(.ARM.Collect$$libshutdown$$00000000) refers (Special) to libshutdown2.o(.ARM.Collect$$libshutdown$$0000000F) for __rt_lib_shutdown_heap_1
    libshutdown.o(.ARM.Collect$$libshutdown$$00000000) refers (Special) to libshutdown2.o(.ARM.Collect$$libshutdown$$00000010) for __rt_lib_shutdown_return
    libshutdown.o(.ARM.Collect$$libshutdown$$00000000) refers (Special) to libshutdown2.o(.ARM.Collect$$libshutdown$$0000000A) for __rt_lib_shutdown_signal_1
    libshutdown.o(.ARM.Collect$$libshutdown$$00000000) refers (Special) to libshutdown2.o(.ARM.Collect$$libshutdown$$00000004) for __rt_lib_shutdown_stdio_1
    libshutdown.o(.ARM.Collect$$libshutdown$$00000000) refers (Special) to libshutdown2.o(.ARM.Collect$$libshutdown$$0000000C) for __rt_lib_shutdown_user_alloc_1
    sys_command.o(.text) refers (Special) to use_no_semi.o(.text) for __I$use$semihosting
    sys_command.o(.text) refers (Special) to indicate_semi.o(.text) for __semihosting_library_function
    defsig_abrt_inner.o(.text) refers to defsig_general.o(.text) for __default_signal_display
    defsig_rtred_inner.o(.text) refers to defsig_general.o(.text) for __default_signal_display
    defsig_rtmem_inner.o(.text) refers to defsig_general.o(.text) for __default_signal_display
    defsig_rtmem_outer.o(.text) refers to defsig_rtmem_inner.o(.text) for __rt_SIGRTMEM_inner
    defsig_rtmem_outer.o(.text) refers to defsig_exit.o(.text) for __sig_exit
    defsig_rtmem_formal.o(.text) refers to rt_raise.o(.text) for __rt_raise
    defsig_stak_inner.o(.text) refers to defsig_general.o(.text) for __default_signal_display
    defsig_pvfn_inner.o(.text) refers to defsig_general.o(.text) for __default_signal_display
    defsig_cppl_inner.o(.text) refers to defsig_general.o(.text) for __default_signal_display
    defsig_segv_inner.o(.text) refers to defsig_general.o(.text) for __default_signal_display
    defsig_other.o(.text) refers to defsig_general.o(.text) for __default_signal_display


==============================================================================

Removing Unused input sections from the image.

    Removing main.o(.rev16_text), (4 bytes).
    Removing main.o(.revsh_text), (4 bytes).
    Removing main.o(.rrx_text), (6 bytes).
    Removing main.o(.ARM.exidx), (8 bytes).
    Removing process.o(.rev16_text), (4 bytes).
    Removing process.o(.revsh_text), (4 bytes).
    Removing process.o(.rrx_text), (6 bytes).
    Removing process.o(.ARM.exidx), (8 bytes).
    Removing door.o(.rev16_text), (4 bytes).
    Removing door.o(.revsh_text), (4 bytes).
    Removing door.o(.rrx_text), (6 bytes).
    Removing door.o(.ARM.exidx), (8 bytes).
    Removing door.o(.ARM.exidx), (8 bytes).
    Removing door.o(.ARM.exidx), (8 bytes).
    Removing door.o(.ARM.exidx), (8 bytes).
    Removing sensor.o(.rev16_text), (4 bytes).
    Removing sensor.o(.revsh_text), (4 bytes).
    Removing sensor.o(.rrx_text), (6 bytes).
    Removing sensor.o(.ARM.exidx), (8 bytes).
    Removing sensor.o(.ARM.exidx), (8 bytes).
    Removing button.o(.rev16_text), (4 bytes).
    Removing button.o(.revsh_text), (4 bytes).
    Removing button.o(.rrx_text), (6 bytes).
    Removing button.o(.ARM.exidx), (8 bytes).
    Removing button.o(.ARM.exidx), (8 bytes).
    Removing remote.o(.rev16_text), (4 bytes).
    Removing remote.o(.revsh_text), (4 bytes).
    Removing remote.o(.rrx_text), (6 bytes).
    Removing remote.o(.ARM.exidx), (8 bytes).
    Removing remote.o(.ARM.exidx), (8 bytes).
    Removing ic5.o(.rev16_text), (4 bytes).
    Removing ic5.o(.revsh_text), (4 bytes).
    Removing ic5.o(.rrx_text), (6 bytes).
    Removing ic5.o(i._Z12ic5IsStartedv), (32 bytes).
    Removing ic5.o(i._Z13ic5GetCurrentv), (18 bytes).
    Removing ic5.o(i._Z14ic5GetFrequecyv), (24 bytes).
    Removing ic5.o(.ARM.exidx), (8 bytes).
    Removing ic5.o(.ARM.exidx), (8 bytes).
    Removing ic5.o(.ARM.exidx), (8 bytes).
    Removing ic5.o(.ARM.exidx), (8 bytes).
    Removing ic5.o(.ARM.exidx), (8 bytes).
    Removing ic5.o(.ARM.exidx), (8 bytes).
    Removing ic5.o(.ARM.exidx), (8 bytes).
    Removing ic5.o(.ARM.exidx), (8 bytes).
    Removing modbus.o(.rev16_text), (4 bytes).
    Removing modbus.o(.revsh_text), (4 bytes).
    Removing modbus.o(.rrx_text), (6 bytes).
    Removing modbus.o(i._Z13modbusReadBithtt), (124 bytes).
    Removing modbus.o(i._Z14modbusWriteBithtb), (152 bytes).
    Removing modbus.o(.ARM.exidx), (8 bytes).
    Removing modbus.o(.ARM.exidx), (8 bytes).
    Removing modbus.o(.ARM.exidx), (8 bytes).
    Removing modbus.o(.ARM.exidx), (8 bytes).
    Removing modbus.o(.ARM.exidx), (8 bytes).
    Removing modbus.o(.ARM.exidx), (8 bytes).
    Removing modbus.o(.ARM.exidx), (8 bytes).
    Removing modbus.o(.ARM.exidx), (8 bytes).
    Removing uart2.o(.rev16_text), (4 bytes).
    Removing uart2.o(.revsh_text), (4 bytes).
    Removing uart2.o(.rrx_text), (6 bytes).
    Removing uart2.o(i.uart2WriteByte), (56 bytes).
    Removing uart2.o(i.uart2WriteString), (68 bytes).
    Removing uart2.o(.ARM.exidx), (8 bytes).
    Removing uart2.o(.ARM.exidx), (8 bytes).
    Removing uart2.o(.ARM.exidx), (8 bytes).
    Removing uart2.o(.ARM.exidx), (8 bytes).
    Removing uart2.o(.ARM.exidx), (8 bytes).
    Removing uart2.o(.ARM.exidx), (8 bytes).
    Removing sleep.o(.ARM.exidx), (8 bytes).
    Removing couple.o(.rev16_text), (4 bytes).
    Removing couple.o(.revsh_text), (4 bytes).
    Removing couple.o(.rrx_text), (6 bytes).
    Removing couple.o(.ARM.exidx), (8 bytes).
    Removing couple.o(.ARM.exidx), (8 bytes).
    Removing couple.o(.ARM.exidx), (8 bytes).
    Removing system_lpc17xx.o(.rev16_text), (4 bytes).
    Removing system_lpc17xx.o(.revsh_text), (4 bytes).
    Removing system_lpc17xx.o(.rrx_text), (6 bytes).
    Removing system_lpc17xx.o(i.SystemCoreClockUpdate), (424 bytes).
    Removing system_lpc17xx.o(.ARM.exidx), (8 bytes).
    Removing system_lpc17xx.o(.ARM.exidx), (8 bytes).
    Removing system_lpc17xx.o(.data), (4 bytes).

82 unused section(s) (total 1376 bytes) removed from the image.

==============================================================================

Image Symbol Table

    Local Symbols

    Symbol Name                              Value     Ov Type        Size  Object(Section)

    RESET                                    0x00000000   Section      204  startup_lpc17xx.o(RESET)
    ../clib/angel/boardlib.s                 0x00000000   Number         0  boardinit1.o ABSOLUTE
    ../clib/angel/boardlib.s                 0x00000000   Number         0  boardshut.o ABSOLUTE
    ../clib/angel/boardlib.s                 0x00000000   Number         0  boardinit2.o ABSOLUTE
    ../clib/angel/boardlib.s                 0x00000000   Number         0  boardinit3.o ABSOLUTE
    ../clib/angel/handlers.s                 0x00000000   Number         0  __scatter_zi.o ABSOLUTE
    ../clib/angel/handlers.s                 0x00000000   Number         0  __scatter_copy.o ABSOLUTE
    ../clib/angel/kernel.s                   0x00000000   Number         0  __rtentry4.o ABSOLUTE
    ../clib/angel/kernel.s                   0x00000000   Number         0  rtexit.o ABSOLUTE
    ../clib/angel/kernel.s                   0x00000000   Number         0  rtexit2.o ABSOLUTE
    ../clib/angel/kernel.s                   0x00000000   Number         0  __rtentry2.o ABSOLUTE
    ../clib/angel/kernel.s                   0x00000000   Number         0  __rtentry.o ABSOLUTE
    ../clib/angel/rt.s                       0x00000000   Number         0  rt_div0.o ABSOLUTE
    ../clib/angel/rt.s                       0x00000000   Number         0  rt_raise.o ABSOLUTE
    ../clib/angel/rt.s                       0x00000000   Number         0  aeabi_ldiv0_sigfpe.o ABSOLUTE
    ../clib/angel/rt.s                       0x00000000   Number         0  aeabi_ldiv0.o ABSOLUTE
    ../clib/angel/scatter.s                  0x00000000   Number         0  __scatter.o ABSOLUTE
    ../clib/angel/startup.s                  0x00000000   Number         0  __main.o ABSOLUTE
    ../clib/angel/sys.s                      0x00000000   Number         0  libspace.o ABSOLUTE
    ../clib/angel/sys.s                      0x00000000   Number         0  sys_stackheap_outer.o ABSOLUTE
    ../clib/angel/sys.s                      0x00000000   Number         0  use_no_semi.o ABSOLUTE
    ../clib/angel/sys.s                      0x00000000   Number         0  indicate_semi.o ABSOLUTE
    ../clib/angel/sysapp.c                   0x00000000   Number         0  sys_exit.o ABSOLUTE
    ../clib/angel/sysapp.c                   0x00000000   Number         0  sys_wrch.o ABSOLUTE
    ../clib/angel/sysapp.c                   0x00000000   Number         0  sys_command.o ABSOLUTE
    ../clib/armsys.c                         0x00000000   Number         0  argv_veneer.o ABSOLUTE
    ../clib/armsys.c                         0x00000000   Number         0  argv_veneer.o ABSOLUTE
    ../clib/armsys.c                         0x00000000   Number         0  _get_argv_nomalloc.o ABSOLUTE
    ../clib/armsys.c                         0x00000000   Number         0  no_argv.o ABSOLUTE
    ../clib/heapalloc.c                      0x00000000   Number         0  hrguard.o ABSOLUTE
    ../clib/heapaux.c                        0x00000000   Number         0  heapauxi.o ABSOLUTE
    ../clib/libinit.s                        0x00000000   Number         0  libshutdown.o ABSOLUTE
    ../clib/libinit.s                        0x00000000   Number         0  libinit2.o ABSOLUTE
    ../clib/libinit.s                        0x00000000   Number         0  libshutdown2.o ABSOLUTE
    ../clib/libinit.s                        0x00000000   Number         0  libinit.o ABSOLUTE
    ../clib/longlong.s                       0x00000000   Number         0  lludivv7m.o ABSOLUTE
    ../clib/signal.c                         0x00000000   Number         0  defsig_fpe_outer.o ABSOLUTE
    ../clib/signal.c                         0x00000000   Number         0  defsig_other.o ABSOLUTE
    ../clib/signal.c                         0x00000000   Number         0  defsig_abrt_inner.o ABSOLUTE
    ../clib/signal.c                         0x00000000   Number         0  defsig_fpe_formal.o ABSOLUTE
    ../clib/signal.c                         0x00000000   Number         0  defsig_rtmem_formal.o ABSOLUTE
    ../clib/signal.c                         0x00000000   Number         0  defsig_general.o ABSOLUTE
    ../clib/signal.c                         0x00000000   Number         0  __raise.o ABSOLUTE
    ../clib/signal.c                         0x00000000   Number         0  defsig_fpe_inner.o ABSOLUTE
    ../clib/signal.c                         0x00000000   Number         0  defsig_rtred_inner.o ABSOLUTE
    ../clib/signal.c                         0x00000000   Number         0  defsig_rtmem_inner.o ABSOLUTE
    ../clib/signal.c                         0x00000000   Number         0  defsig_rtmem_outer.o ABSOLUTE
    ../clib/signal.c                         0x00000000   Number         0  defsig_exit.o ABSOLUTE
    ../clib/signal.c                         0x00000000   Number         0  defsig_stak_inner.o ABSOLUTE
    ../clib/signal.c                         0x00000000   Number         0  defsig_pvfn_inner.o ABSOLUTE
    ../clib/signal.c                         0x00000000   Number         0  defsig_cppl_inner.o ABSOLUTE
    ../clib/signal.c                         0x00000000   Number         0  defsig_segv_inner.o ABSOLUTE
    ../clib/signal.s                         0x00000000   Number         0  defsig.o ABSOLUTE
    ../clib/stdlib.c                         0x00000000   Number         0  exit.o ABSOLUTE
    ../fplib/fpinit.s                        0x00000000   Number         0  fpinit.o ABSOLUTE
    RTE\Device\LPC1768\startup_LPC17xx.s     0x00000000   Number         0  startup_lpc17xx.o ABSOLUTE
    RTE\Device\LPC1768\system_LPC17xx.c      0x00000000   Number         0  system_lpc17xx.o ABSOLUTE
    RTE\\Device\\LPC1768\\system_LPC17xx.c   0x00000000   Number         0  system_lpc17xx.o ABSOLUTE
    button.c                                 0x00000000   Number         0  button.o ABSOLUTE
    button.c                                 0x00000000   Number         0  button.o ABSOLUTE
    couple.c                                 0x00000000   Number         0  couple.o ABSOLUTE
    couple.c                                 0x00000000   Number         0  couple.o ABSOLUTE
    dc.s                                     0x00000000   Number         0  dc.o ABSOLUTE
    door.c                                   0x00000000   Number         0  door.o ABSOLUTE
    door.c                                   0x00000000   Number         0  door.o ABSOLUTE
    ic5.c                                    0x00000000   Number         0  ic5.o ABSOLUTE
    ic5.c                                    0x00000000   Number         0  ic5.o ABSOLUTE
    main.c                                   0x00000000   Number         0  main.o ABSOLUTE
    main.c                                   0x00000000   Number         0  main.o ABSOLUTE
    modbus.c                                 0x00000000   Number         0  modbus.o ABSOLUTE
    modbus.c                                 0x00000000   Number         0  modbus.o ABSOLUTE
    process.c                                0x00000000   Number         0  process.o ABSOLUTE
    process.c                                0x00000000   Number         0  process.o ABSOLUTE
    remote.c                                 0x00000000   Number         0  remote.o ABSOLUTE
    remote.c                                 0x00000000   Number         0  remote.o ABSOLUTE
    sensor.c                                 0x00000000   Number         0  sensor.o ABSOLUTE
    sensor.c                                 0x00000000   Number         0  sensor.o ABSOLUTE
    sleep.c                                  0x00000000   Number         0  sleep.o ABSOLUTE
    uart2.c                                  0x00000000   Number         0  uart2.o ABSOLUTE
    uart2.c                                  0x00000000   Number         0  uart2.o ABSOLUTE
    !!!main                                  0x000000cc   Section        8  __main.o(!!!main)
    !!!scatter                               0x000000d4   Section       52  __scatter.o(!!!scatter)
    !!handler_copy                           0x00000108   Section       26  __scatter_copy.o(!!handler_copy)
    !!handler_zi                             0x00000124   Section       28  __scatter_zi.o(!!handler_zi)
    .ARM.Collect$$libinit$$00000000          0x00000140   Section        2  libinit.o(.ARM.Collect$$libinit$$00000000)
    .ARM.Collect$$libinit$$00000002          0x00000142   Section        0  libinit2.o(.ARM.Collect$$libinit$$00000002)
    .ARM.Collect$$libinit$$00000004          0x00000142   Section        0  libinit2.o(.ARM.Collect$$libinit$$00000004)
    .ARM.Collect$$libinit$$0000000A          0x00000142   Section        0  libinit2.o(.ARM.Collect$$libinit$$0000000A)
    .ARM.Collect$$libinit$$0000000C          0x00000142   Section        0  libinit2.o(.ARM.Collect$$libinit$$0000000C)
    .ARM.Collect$$libinit$$0000000E          0x00000142   Section        0  libinit2.o(.ARM.Collect$$libinit$$0000000E)
    .ARM.Collect$$libinit$$00000011          0x00000142   Section        0  libinit2.o(.ARM.Collect$$libinit$$00000011)
    .ARM.Collect$$libinit$$00000013          0x00000142   Section        0  libinit2.o(.ARM.Collect$$libinit$$00000013)
    .ARM.Collect$$libinit$$00000015          0x00000142   Section        0  libinit2.o(.ARM.Collect$$libinit$$00000015)
    .ARM.Collect$$libinit$$00000017          0x00000142   Section        0  libinit2.o(.ARM.Collect$$libinit$$00000017)
    .ARM.Collect$$libinit$$00000019          0x00000142   Section        0  libinit2.o(.ARM.Collect$$libinit$$00000019)
    .ARM.Collect$$libinit$$0000001B          0x00000142   Section        0  libinit2.o(.ARM.Collect$$libinit$$0000001B)
    .ARM.Collect$$libinit$$0000001D          0x00000142   Section        0  libinit2.o(.ARM.Collect$$libinit$$0000001D)
    .ARM.Collect$$libinit$$0000001F          0x00000142   Section        0  libinit2.o(.ARM.Collect$$libinit$$0000001F)
    .ARM.Collect$$libinit$$00000021          0x00000142   Section        0  libinit2.o(.ARM.Collect$$libinit$$00000021)
    .ARM.Collect$$libinit$$00000023          0x00000142   Section        0  libinit2.o(.ARM.Collect$$libinit$$00000023)
    .ARM.Collect$$libinit$$00000025          0x00000142   Section        0  libinit2.o(.ARM.Collect$$libinit$$00000025)
    .ARM.Collect$$libinit$$0000002C          0x00000142   Section        0  libinit2.o(.ARM.Collect$$libinit$$0000002C)
    .ARM.Collect$$libinit$$0000002E          0x00000142   Section        0  libinit2.o(.ARM.Collect$$libinit$$0000002E)
    .ARM.Collect$$libinit$$00000030          0x00000142   Section        0  libinit2.o(.ARM.Collect$$libinit$$00000030)
    .ARM.Collect$$libinit$$00000032          0x00000142   Section        0  libinit2.o(.ARM.Collect$$libinit$$00000032)
    .ARM.Collect$$libinit$$00000033          0x00000142   Section        2  libinit2.o(.ARM.Collect$$libinit$$00000033)
    .ARM.Collect$$libshutdown$$00000000      0x00000144   Section        2  libshutdown.o(.ARM.Collect$$libshutdown$$00000000)
    .ARM.Collect$$libshutdown$$00000002      0x00000146   Section        0  libshutdown2.o(.ARM.Collect$$libshutdown$$00000002)
    .ARM.Collect$$libshutdown$$00000004      0x00000146   Section        0  libshutdown2.o(.ARM.Collect$$libshutdown$$00000004)
    .ARM.Collect$$libshutdown$$00000007      0x00000146   Section        0  libshutdown2.o(.ARM.Collect$$libshutdown$$00000007)
    .ARM.Collect$$libshutdown$$0000000A      0x00000146   Section        0  libshutdown2.o(.ARM.Collect$$libshutdown$$0000000A)
    .ARM.Collect$$libshutdown$$0000000C      0x00000146   Section        0  libshutdown2.o(.ARM.Collect$$libshutdown$$0000000C)
    .ARM.Collect$$libshutdown$$0000000F      0x00000146   Section        0  libshutdown2.o(.ARM.Collect$$libshutdown$$0000000F)
    .ARM.Collect$$libshutdown$$00000010      0x00000146   Section        2  libshutdown2.o(.ARM.Collect$$libshutdown$$00000010)
    .ARM.Collect$$rtentry$$00000000          0x00000148   Section        0  __rtentry.o(.ARM.Collect$$rtentry$$00000000)
    .ARM.Collect$$rtentry$$00000002          0x00000148   Section        0  __rtentry2.o(.ARM.Collect$$rtentry$$00000002)
    .ARM.Collect$$rtentry$$00000004          0x00000148   Section        6  __rtentry4.o(.ARM.Collect$$rtentry$$00000004)
    .ARM.Collect$$rtentry$$00000009          0x0000014e   Section        0  __rtentry2.o(.ARM.Collect$$rtentry$$00000009)
    .ARM.Collect$$rtentry$$0000000A          0x0000014e   Section        4  __rtentry2.o(.ARM.Collect$$rtentry$$0000000A)
    .ARM.Collect$$rtentry$$0000000C          0x00000152   Section        0  __rtentry2.o(.ARM.Collect$$rtentry$$0000000C)
    .ARM.Collect$$rtentry$$0000000D          0x00000152   Section        8  __rtentry2.o(.ARM.Collect$$rtentry$$0000000D)
    .ARM.Collect$$rtexit$$00000000           0x0000015a   Section        2  rtexit.o(.ARM.Collect$$rtexit$$00000000)
    .ARM.Collect$$rtexit$$00000002           0x0000015c   Section        0  rtexit2.o(.ARM.Collect$$rtexit$$00000002)
    .ARM.Collect$$rtexit$$00000003           0x0000015c   Section        4  rtexit2.o(.ARM.Collect$$rtexit$$00000003)
    .ARM.Collect$$rtexit$$00000004           0x00000160   Section        6  rtexit2.o(.ARM.Collect$$rtexit$$00000004)
    .text                                    0x00000168   Section       60  startup_lpc17xx.o(.text)
    .text                                    0x000001a4   Section        0  heapauxi.o(.text)
    .text                                    0x000001aa   Section       74  sys_stackheap_outer.o(.text)
    .text                                    0x000001f4   Section        0  exit.o(.text)
    .text                                    0x00000208   Section        8  libspace.o(.text)
    .text                                    0x00000210   Section        0  sys_exit.o(.text)
    .text                                    0x0000021c   Section        2  use_no_semi.o(.text)
    .text                                    0x0000021e   Section        0  indicate_semi.o(.text)
    i.UART2_IRQHandler                       0x00000220   Section        0  uart2.o(i.UART2_IRQHandler)
    i._Z10buttonInitv                        0x00000240   Section        0  button.o(i._Z10buttonInitv)
    i._Z10coupleInitv                        0x00000268   Section        0  couple.o(i._Z10coupleInitv)
    i._Z10modbusInitv                        0x0000027c   Section        0  modbus.o(i._Z10modbusInitv)
    i._Z10remoteInitv                        0x0000029c   Section        0  remote.o(i._Z10remoteInitv)
    i._Z10sensorInitv                        0x000002c4   Section        0  sensor.o(i._Z10sensorInitv)
    i._Z7ic5Initv                            0x000002f4   Section        0  ic5.o(i._Z7ic5Initv)
    .ARM.__at_0x02FC                         0x000002fc   Section        4  startup_lpc17xx.o(.ARM.__at_0x02FC)
    i.SystemInit                             0x00000300   Section        0  system_lpc17xx.o(i.SystemInit)
    i._Z11ic5IsStopedv                       0x00000440   Section        0  ic5.o(i._Z11ic5IsStopedv)
    i._Z12coupleEnablev                      0x00000454   Section        0  couple.o(i._Z12coupleEnablev)
    i._Z12startProcessv                      0x00000468   Section        0  process.o(i._Z12startProcessv)
    i._Z13coupleDisablev                     0x000005ec   Section        0  couple.o(i._Z13coupleDisablev)
    i._Z13getReadButtonv                     0x00000600   Section        0  button.o(i._Z13getReadButtonv)
    i._Z13getReadRemotev                     0x000006d8   Section        0  remote.o(i._Z13getReadRemotev)
    i._Z13getReadSensorv                     0x000007b0   Section        0  sensor.o(i._Z13getReadSensorv)
    i._Z15ic5SetFrequencyh                   0x00000918   Section        0  ic5.o(i._Z15ic5SetFrequencyh)
    i._Z17modbusClearBufferv                 0x0000092c   Section        0  modbus.o(i._Z17modbusClearBufferv)
    i._Z18modbusCrcCalculatePhi              0x00000950   Section        0  modbus.o(i._Z18modbusCrcCalculatePhi)
    i._Z18modbusReadRegisterhtt              0x0000098c   Section        0  modbus.o(i._Z18modbusReadRegisterhtt)
    i._Z19modbusWriteRegisterhtt             0x00000a1c   Section        0  modbus.o(i._Z19modbusWriteRegisterhtt)
    i._Z20modbusOnReceivedByteh              0x00000ac0   Section        0  modbus.o(i._Z20modbusOnReceivedByteh)
    i._Z5sleepl                              0x00000af4   Section        0  sleep.o(i._Z5sleepl)
    i._Z7ic5Stopv                            0x00000b06   Section        0  ic5.o(i._Z7ic5Stopv)
    i._Z8doorInitv                           0x00000b14   Section        0  door.o(i._Z8doorInitv)
    i._Z8doorOpenv                           0x00000b2c   Section        0  door.o(i._Z8doorOpenv)
    i._Z8doorStopv                           0x00000b36   Section        0  door.o(i._Z8doorStopv)
    i._Z8ic5Startb                           0x00000b3e   Section        0  ic5.o(i._Z8ic5Startb)
    i._Z9doorClosev                          0x00000b56   Section        0  door.o(i._Z9doorClosev)
    i.main                                   0x00000b60   Section        0  main.o(i.main)
    i.uart2Init                              0x00000b70   Section        0  uart2.o(i.uart2Init)
    i.uart2SetFunctionOnReceivedData         0x00000c04   Section        0  uart2.o(i.uart2SetFunctionOnReceivedData)
    i.uart2WriteBuffer                       0x00000c10   Section        0  uart2.o(i.uart2WriteBuffer)
    STACK                                    0x10000000   Section      512  startup_lpc17xx.o(STACK)
    Stack_Mem                                0x10000000   Data         512  startup_lpc17xx.o(STACK)
    __initial_sp                             0x10000200   Data           0  startup_lpc17xx.o(STACK)
    .data                                    0x2007c000   Section        8  sensor.o(.data)
    .data                                    0x2007c008   Section        3  button.o(.data)
    .data                                    0x2007c00b   Section        3  remote.o(.data)
    .data                                    0x2007c00e   Section        2  modbus.o(.data)
    modbusInit()::isInited                   0x2007c00f   Data           1  modbus.o(.data)
    .data                                    0x2007c010   Section        4  uart2.o(.data)
    .bss                                     0x2007c014   Section       20  modbus.o(.bss)
    .bss                                     0x2007c028   Section       96  libspace.o(.bss)
    HEAP                                     0x2007c088   Section        0  startup_lpc17xx.o(HEAP)
    Heap_Mem                                 0x2007c088   Data           0  startup_lpc17xx.o(HEAP)

    Global Symbols

    Symbol Name                              Value     Ov Type        Size  Object(Section)

    BuildAttributes$$THM_ISAv4$P$D$K$B$S$PE$A:L22UL41UL21$X:L11$S22US41US21$IEEE1$IW$USESV6$~STKCKD$USESV7$~SHL$OSPACE$ROPI$EBA8$UX$STANDARDLIB$REQ8$PRES8$EABIv2 0x00000000   Number         0  anon$$obj.o ABSOLUTE
    __ARM_use_no_argv                        0x00000000   Number         0  main.o ABSOLUTE
    __Vectors                                0x00000000   Data           4  startup_lpc17xx.o(RESET)
    __ARM_exceptions_init                     - Undefined Weak Reference
    __alloca_initialize                       - Undefined Weak Reference
    __arm_preinit_                            - Undefined Weak Reference
    __cpp_initialize__aeabi_                  - Undefined Weak Reference
    __cxa_finalize                            - Undefined Weak Reference
    __rt_locale                               - Undefined Weak Reference
    __sigvec_lookup                           - Undefined Weak Reference
    _atexit_init                              - Undefined Weak Reference
    _call_atexit_fns                          - Undefined Weak Reference
    _clock_init                               - Undefined Weak Reference
    _fp_trap_init                             - Undefined Weak Reference
    _fp_trap_shutdown                         - Undefined Weak Reference
    _get_lc_collate                           - Undefined Weak Reference
    _get_lc_ctype                             - Undefined Weak Reference
    _get_lc_monetary                          - Undefined Weak Reference
    _get_lc_numeric                           - Undefined Weak Reference
    _get_lc_time                              - Undefined Weak Reference
    _getenv_init                              - Undefined Weak Reference
    _handle_redirection                       - Undefined Weak Reference
    _init_alloc                               - Undefined Weak Reference
    _init_user_alloc                          - Undefined Weak Reference
    _initio                                   - Undefined Weak Reference
    _rand_init                                - Undefined Weak Reference
    _signal_finish                            - Undefined Weak Reference
    _signal_init                              - Undefined Weak Reference
    _terminate_alloc                          - Undefined Weak Reference
    _terminate_user_alloc                     - Undefined Weak Reference
    _terminateio                              - Undefined Weak Reference
    __main                                   0x000000cd   Thumb Code     8  __main.o(!!!main)
    __scatterload                            0x000000d5   Thumb Code     0  __scatter.o(!!!scatter)
    __scatterload_rt2                        0x000000d5   Thumb Code    44  __scatter.o(!!!scatter)
    __scatterload_rt2_thumb_only             0x000000d5   Thumb Code     0  __scatter.o(!!!scatter)
    __scatterload_null                       0x000000e3   Thumb Code     0  __scatter.o(!!!scatter)
    __scatterload_copy                       0x00000109   Thumb Code    26  __scatter_copy.o(!!handler_copy)
    __scatterload_zeroinit                   0x00000125   Thumb Code    28  __scatter_zi.o(!!handler_zi)
    __rt_lib_init                            0x00000141   Thumb Code     0  libinit.o(.ARM.Collect$$libinit$$00000000)
    __rt_lib_init_alloca_1                   0x00000143   Thumb Code     0  libinit2.o(.ARM.Collect$$libinit$$0000002E)
    __rt_lib_init_argv_1                     0x00000143   Thumb Code     0  libinit2.o(.ARM.Collect$$libinit$$0000002C)
    __rt_lib_init_atexit_1                   0x00000143   Thumb Code     0  libinit2.o(.ARM.Collect$$libinit$$0000001B)
    __rt_lib_init_clock_1                    0x00000143   Thumb Code     0  libinit2.o(.ARM.Collect$$libinit$$00000021)
    __rt_lib_init_cpp_1                      0x00000143   Thumb Code     0  libinit2.o(.ARM.Collect$$libinit$$00000032)
    __rt_lib_init_exceptions_1               0x00000143   Thumb Code     0  libinit2.o(.ARM.Collect$$libinit$$00000030)
    __rt_lib_init_fp_1                       0x00000143   Thumb Code     0  libinit2.o(.ARM.Collect$$libinit$$00000002)
    __rt_lib_init_fp_trap_1                  0x00000143   Thumb Code     0  libinit2.o(.ARM.Collect$$libinit$$0000001F)
    __rt_lib_init_getenv_1                   0x00000143   Thumb Code     0  libinit2.o(.ARM.Collect$$libinit$$00000023)
    __rt_lib_init_heap_1                     0x00000143   Thumb Code     0  libinit2.o(.ARM.Collect$$libinit$$0000000A)
    __rt_lib_init_lc_collate_1               0x00000143   Thumb Code     0  libinit2.o(.ARM.Collect$$libinit$$00000011)
    __rt_lib_init_lc_ctype_1                 0x00000143   Thumb Code     0  libinit2.o(.ARM.Collect$$libinit$$00000013)
    __rt_lib_init_lc_monetary_1              0x00000143   Thumb Code     0  libinit2.o(.ARM.Collect$$libinit$$00000015)
    __rt_lib_init_lc_numeric_1               0x00000143   Thumb Code     0  libinit2.o(.ARM.Collect$$libinit$$00000017)
    __rt_lib_init_lc_time_1                  0x00000143   Thumb Code     0  libinit2.o(.ARM.Collect$$libinit$$00000019)
    __rt_lib_init_preinit_1                  0x00000143   Thumb Code     0  libinit2.o(.ARM.Collect$$libinit$$00000004)
    __rt_lib_init_rand_1                     0x00000143   Thumb Code     0  libinit2.o(.ARM.Collect$$libinit$$0000000E)
    __rt_lib_init_return                     0x00000143   Thumb Code     0  libinit2.o(.ARM.Collect$$libinit$$00000033)
    __rt_lib_init_signal_1                   0x00000143   Thumb Code     0  libinit2.o(.ARM.Collect$$libinit$$0000001D)
    __rt_lib_init_stdio_1                    0x00000143   Thumb Code     0  libinit2.o(.ARM.Collect$$libinit$$00000025)
    __rt_lib_init_user_alloc_1               0x00000143   Thumb Code     0  libinit2.o(.ARM.Collect$$libinit$$0000000C)
    __rt_lib_shutdown                        0x00000145   Thumb Code     0  libshutdown.o(.ARM.Collect$$libshutdown$$00000000)
    __rt_lib_shutdown_cpp_1                  0x00000147   Thumb Code     0  libshutdown2.o(.ARM.Collect$$libshutdown$$00000002)
    __rt_lib_shutdown_fp_trap_1              0x00000147   Thumb Code     0  libshutdown2.o(.ARM.Collect$$libshutdown$$00000007)
    __rt_lib_shutdown_heap_1                 0x00000147   Thumb Code     0  libshutdown2.o(.ARM.Collect$$libshutdown$$0000000F)
    __rt_lib_shutdown_return                 0x00000147   Thumb Code     0  libshutdown2.o(.ARM.Collect$$libshutdown$$00000010)
    __rt_lib_shutdown_signal_1               0x00000147   Thumb Code     0  libshutdown2.o(.ARM.Collect$$libshutdown$$0000000A)
    __rt_lib_shutdown_stdio_1                0x00000147   Thumb Code     0  libshutdown2.o(.ARM.Collect$$libshutdown$$00000004)
    __rt_lib_shutdown_user_alloc_1           0x00000147   Thumb Code     0  libshutdown2.o(.ARM.Collect$$libshutdown$$0000000C)
    __rt_entry                               0x00000149   Thumb Code     0  __rtentry.o(.ARM.Collect$$rtentry$$00000000)
    __rt_entry_presh_1                       0x00000149   Thumb Code     0  __rtentry2.o(.ARM.Collect$$rtentry$$00000002)
    __rt_entry_sh                            0x00000149   Thumb Code     0  __rtentry4.o(.ARM.Collect$$rtentry$$00000004)
    __rt_entry_li                            0x0000014f   Thumb Code     0  __rtentry2.o(.ARM.Collect$$rtentry$$0000000A)
    __rt_entry_postsh_1                      0x0000014f   Thumb Code     0  __rtentry2.o(.ARM.Collect$$rtentry$$00000009)
    __rt_entry_main                          0x00000153   Thumb Code     0  __rtentry2.o(.ARM.Collect$$rtentry$$0000000D)
    __rt_entry_postli_1                      0x00000153   Thumb Code     0  __rtentry2.o(.ARM.Collect$$rtentry$$0000000C)
    __rt_exit                                0x0000015b   Thumb Code     0  rtexit.o(.ARM.Collect$$rtexit$$00000000)
    __rt_exit_ls                             0x0000015d   Thumb Code     0  rtexit2.o(.ARM.Collect$$rtexit$$00000003)
    __rt_exit_prels_1                        0x0000015d   Thumb Code     0  rtexit2.o(.ARM.Collect$$rtexit$$00000002)
    __rt_exit_exit                           0x00000161   Thumb Code     0  rtexit2.o(.ARM.Collect$$rtexit$$00000004)
    Reset_Handler                            0x00000169   Thumb Code     8  startup_lpc17xx.o(.text)
    NMI_Handler                              0x00000171   Thumb Code     2  startup_lpc17xx.o(.text)
    HardFault_Handler                        0x00000173   Thumb Code     2  startup_lpc17xx.o(.text)
    MemManage_Handler                        0x00000175   Thumb Code     2  startup_lpc17xx.o(.text)
    BusFault_Handler                         0x00000177   Thumb Code     2  startup_lpc17xx.o(.text)
    UsageFault_Handler                       0x00000179   Thumb Code     2  startup_lpc17xx.o(.text)
    SVC_Handler                              0x0000017b   Thumb Code     2  startup_lpc17xx.o(.text)
    DebugMon_Handler                         0x0000017d   Thumb Code     2  startup_lpc17xx.o(.text)
    PendSV_Handler                           0x0000017f   Thumb Code     2  startup_lpc17xx.o(.text)
    SysTick_Handler                          0x00000181   Thumb Code     2  startup_lpc17xx.o(.text)
    ADC_IRQHandler                           0x00000183   Thumb Code     0  startup_lpc17xx.o(.text)
    BOD_IRQHandler                           0x00000183   Thumb Code     0  startup_lpc17xx.o(.text)
    CANActivity_IRQHandler                   0x00000183   Thumb Code     0  startup_lpc17xx.o(.text)
    CAN_IRQHandler                           0x00000183   Thumb Code     0  startup_lpc17xx.o(.text)
    DMA_IRQHandler                           0x00000183   Thumb Code     0  startup_lpc17xx.o(.text)
    EINT0_IRQHandler                         0x00000183   Thumb Code     0  startup_lpc17xx.o(.text)
    EINT1_IRQHandler                         0x00000183   Thumb Code     0  startup_lpc17xx.o(.text)
    EINT2_IRQHandler                         0x00000183   Thumb Code     0  startup_lpc17xx.o(.text)
    EINT3_IRQHandler                         0x00000183   Thumb Code     0  startup_lpc17xx.o(.text)
    ENET_IRQHandler                          0x00000183   Thumb Code     0  startup_lpc17xx.o(.text)
    I2C0_IRQHandler                          0x00000183   Thumb Code     0  startup_lpc17xx.o(.text)
    I2C1_IRQHandler                          0x00000183   Thumb Code     0  startup_lpc17xx.o(.text)
    I2C2_IRQHandler                          0x00000183   Thumb Code     0  startup_lpc17xx.o(.text)
    I2S_IRQHandler                           0x00000183   Thumb Code     0  startup_lpc17xx.o(.text)
    MCPWM_IRQHandler                         0x00000183   Thumb Code     0  startup_lpc17xx.o(.text)
    PLL0_IRQHandler                          0x00000183   Thumb Code     0  startup_lpc17xx.o(.text)
    PLL1_IRQHandler                          0x00000183   Thumb Code     0  startup_lpc17xx.o(.text)
    PWM1_IRQHandler                          0x00000183   Thumb Code     0  startup_lpc17xx.o(.text)
    QEI_IRQHandler                           0x00000183   Thumb Code     0  startup_lpc17xx.o(.text)
    RIT_IRQHandler                           0x00000183   Thumb Code     0  startup_lpc17xx.o(.text)
    RTC_IRQHandler                           0x00000183   Thumb Code     0  startup_lpc17xx.o(.text)
    SPI_IRQHandler                           0x00000183   Thumb Code     0  startup_lpc17xx.o(.text)
    SSP0_IRQHandler                          0x00000183   Thumb Code     0  startup_lpc17xx.o(.text)
    SSP1_IRQHandler                          0x00000183   Thumb Code     0  startup_lpc17xx.o(.text)
    TIMER0_IRQHandler                        0x00000183   Thumb Code     0  startup_lpc17xx.o(.text)
    TIMER1_IRQHandler                        0x00000183   Thumb Code     0  startup_lpc17xx.o(.text)
    TIMER2_IRQHandler                        0x00000183   Thumb Code     0  startup_lpc17xx.o(.text)
    TIMER3_IRQHandler                        0x00000183   Thumb Code     0  startup_lpc17xx.o(.text)
    UART0_IRQHandler                         0x00000183   Thumb Code     0  startup_lpc17xx.o(.text)
    UART1_IRQHandler                         0x00000183   Thumb Code     0  startup_lpc17xx.o(.text)
    UART3_IRQHandler                         0x00000183   Thumb Code     0  startup_lpc17xx.o(.text)
    USBActivity_IRQHandler                   0x00000183   Thumb Code     0  startup_lpc17xx.o(.text)
    USB_IRQHandler                           0x00000183   Thumb Code     0  startup_lpc17xx.o(.text)
    WDT_IRQHandler                           0x00000183   Thumb Code     0  startup_lpc17xx.o(.text)
    __user_initial_stackheap                 0x00000185   Thumb Code     0  startup_lpc17xx.o(.text)
    __use_two_region_memory                  0x000001a5   Thumb Code     2  heapauxi.o(.text)
    __rt_heap_escrow$2region                 0x000001a7   Thumb Code     2  heapauxi.o(.text)
    __rt_heap_expand$2region                 0x000001a9   Thumb Code     2  heapauxi.o(.text)
    __user_setup_stackheap                   0x000001ab   Thumb Code    74  sys_stackheap_outer.o(.text)
    exit                                     0x000001f5   Thumb Code    18  exit.o(.text)
    __user_libspace                          0x00000209   Thumb Code     8  libspace.o(.text)
    __user_perproc_libspace                  0x00000209   Thumb Code     0  libspace.o(.text)
    __user_perthread_libspace                0x00000209   Thumb Code     0  libspace.o(.text)
    _sys_exit                                0x00000211   Thumb Code     8  sys_exit.o(.text)
    __I$use$semihosting                      0x0000021d   Thumb Code     0  use_no_semi.o(.text)
    __use_no_semihosting_swi                 0x0000021d   Thumb Code     2  use_no_semi.o(.text)
    __semihosting_library_function           0x0000021f   Thumb Code     0  indicate_semi.o(.text)
    UART2_IRQHandler                         0x00000221   Thumb Code    22  uart2.o(i.UART2_IRQHandler)
    buttonInit()                             0x00000241   Thumb Code    34  button.o(i._Z10buttonInitv)
    coupleInit()                             0x00000269   Thumb Code    14  couple.o(i._Z10coupleInitv)
    modbusInit()                             0x0000027d   Thumb Code    24  modbus.o(i._Z10modbusInitv)
    remoteInit()                             0x0000029d   Thumb Code    34  remote.o(i._Z10remoteInitv)
    sensorInit()                             0x000002c5   Thumb Code    44  sensor.o(i._Z10sensorInitv)
    ic5Init()                                0x000002f5   Thumb Code     8  ic5.o(i._Z7ic5Initv)
    SystemInit                               0x00000301   Thumb Code   302  system_lpc17xx.o(i.SystemInit)
    ic5IsStoped()                            0x00000441   Thumb Code    20  ic5.o(i._Z11ic5IsStopedv)
    coupleEnable()                           0x00000455   Thumb Code    14  couple.o(i._Z12coupleEnablev)
    startProcess()                           0x00000469   Thumb Code   334  process.o(i._Z12startProcessv)
    coupleDisable()                          0x000005ed   Thumb Code    14  couple.o(i._Z13coupleDisablev)
    getReadButton()                          0x00000601   Thumb Code   196  button.o(i._Z13getReadButtonv)
    getReadRemote()                          0x000006d9   Thumb Code   196  remote.o(i._Z13getReadRemotev)
    getReadSensor()                          0x000007b1   Thumb Code   320  sensor.o(i._Z13getReadSensorv)
    ic5SetFrequency(unsigned char)           0x00000919   Thumb Code    20  ic5.o(i._Z15ic5SetFrequencyh)
    modbusClearBuffer()                      0x0000092d   Thumb Code    28  modbus.o(i._Z17modbusClearBufferv)
    modbusCrcCalculate(unsigned char*, int)  0x00000951   Thumb Code    58  modbus.o(i._Z18modbusCrcCalculatePhi)
    modbusReadRegister(unsigned char, unsigned short, unsigned short) 0x0000098d   Thumb Code   132  modbus.o(i._Z18modbusReadRegisterhtt)
    modbusWriteRegister(unsigned char, unsigned short, unsigned short) 0x00000a1d   Thumb Code   150  modbus.o(i._Z19modbusWriteRegisterhtt)
    modbusOnReceivedByte(unsigned char)      0x00000ac1   Thumb Code    44  modbus.o(i._Z20modbusOnReceivedByteh)
    sleep(long)                              0x00000af5   Thumb Code    18  sleep.o(i._Z5sleepl)
    ic5Stop()                                0x00000b07   Thumb Code    14  ic5.o(i._Z7ic5Stopv)
    doorInit()                               0x00000b15   Thumb Code    24  door.o(i._Z8doorInitv)
    doorOpen()                               0x00000b2d   Thumb Code    10  door.o(i._Z8doorOpenv)
    doorStop()                               0x00000b37   Thumb Code     8  door.o(i._Z8doorStopv)
    ic5Start(bool)                           0x00000b3f   Thumb Code    24  ic5.o(i._Z8ic5Startb)
    doorClose()                              0x00000b57   Thumb Code    10  door.o(i._Z9doorClosev)
    main                                     0x00000b61   Thumb Code    16  main.o(i.main)
    uart2Init                                0x00000b71   Thumb Code   126  uart2.o(i.uart2Init)
    uart2SetFunctionOnReceivedData           0x00000c05   Thumb Code     6  uart2.o(i.uart2SetFunctionOnReceivedData)
    uart2WriteBuffer                         0x00000c11   Thumb Code    78  uart2.o(i.uart2WriteBuffer)
    Region$$Table$$Base                      0x00000c68   Number         0  anon$$obj.o(Region$$Table)
    Region$$Table$$Limit                     0x00000c98   Number         0  anon$$obj.o(Region$$Table)
    isSensorClose                            0x2007c000   Data           1  sensor.o(.data)
    isSensorCloseSlower                      0x2007c001   Data           1  sensor.o(.data)
    isSensorOpenSlower                       0x2007c002   Data           1  sensor.o(.data)
    isSensorOpen                             0x2007c003   Data           1  sensor.o(.data)
    isSensorOpenStateZeroToHigh              0x2007c004   Data           1  sensor.o(.data)
    isSensorCloseStateZeroTohigh             0x2007c005   Data           1  sensor.o(.data)
    tempSensorOpen                           0x2007c006   Data           1  sensor.o(.data)
    tempSensorClose                          0x2007c007   Data           1  sensor.o(.data)
    isButtonOpen                             0x2007c008   Data           1  button.o(.data)
    isButtonStop                             0x2007c009   Data           1  button.o(.data)
    isButtonClose                            0x2007c00a   Data           1  button.o(.data)
    isRemoteClose                            0x2007c00b   Data           1  remote.o(.data)
    isRemoteStop                             0x2007c00c   Data           1  remote.o(.data)
    isRemoteOpen                             0x2007c00d   Data           1  remote.o(.data)
    modbusReceivedDataLen                    0x2007c00e   Data           1  modbus.o(.data)
    uart2OnReceivedDataCallBack              0x2007c010   Data           4  uart2.o(.data)
    receivedData                             0x2007c014   Data          20  modbus.o(.bss)
    __libspace_start                         0x2007c028   Data          96  libspace.o(.bss)
    __temporary_stack_top$libspace           0x2007c088   Data           0  libspace.o(.bss)



==============================================================================

Memory Map of the image

  Image Entry point : 0x000000cd

  Load Region LR_IROM1 (Base: 0x00000000, Size: 0x00000cac, Max: 0x00080000, ABSOLUTE)

    Execution Region ER_IROM1 (Exec base: 0x00000000, Load base: 0x00000000, Size: 0x00000c98, Max: 0x00080000, ABSOLUTE)

    Exec Addr    Load Addr    Size         Type   Attr      Idx    E Section Name        Object

    0x00000000   0x00000000   0x000000cc   Data   RO          565    RESET               startup_lpc17xx.o
    0x000000cc   0x000000cc   0x00000008   Code   RO          617  * !!!main             c_w.l(__main.o)
    0x000000d4   0x000000d4   0x00000034   Code   RO          784    !!!scatter          c_w.l(__scatter.o)
    0x00000108   0x00000108   0x0000001a   Code   RO          786    !!handler_copy      c_w.l(__scatter_copy.o)
    0x00000122   0x00000122   0x00000002   PAD
    0x00000124   0x00000124   0x0000001c   Code   RO          788    !!handler_zi        c_w.l(__scatter_zi.o)
    0x00000140   0x00000140   0x00000002   Code   RO          654    .ARM.Collect$$libinit$$00000000  c_w.l(libinit.o)
    0x00000142   0x00000142   0x00000000   Code   RO          667    .ARM.Collect$$libinit$$00000002  c_w.l(libinit2.o)
    0x00000142   0x00000142   0x00000000   Code   RO          669    .ARM.Collect$$libinit$$00000004  c_w.l(libinit2.o)
    0x00000142   0x00000142   0x00000000   Code   RO          672    .ARM.Collect$$libinit$$0000000A  c_w.l(libinit2.o)
    0x00000142   0x00000142   0x00000000   Code   RO          674    .ARM.Collect$$libinit$$0000000C  c_w.l(libinit2.o)
    0x00000142   0x00000142   0x00000000   Code   RO          676    .ARM.Collect$$libinit$$0000000E  c_w.l(libinit2.o)
    0x00000142   0x00000142   0x00000000   Code   RO          679    .ARM.Collect$$libinit$$00000011  c_w.l(libinit2.o)
    0x00000142   0x00000142   0x00000000   Code   RO          681    .ARM.Collect$$libinit$$00000013  c_w.l(libinit2.o)
    0x00000142   0x00000142   0x00000000   Code   RO          683    .ARM.Collect$$libinit$$00000015  c_w.l(libinit2.o)
    0x00000142   0x00000142   0x00000000   Code   RO          685    .ARM.Collect$$libinit$$00000017  c_w.l(libinit2.o)
    0x00000142   0x00000142   0x00000000   Code   RO          687    .ARM.Collect$$libinit$$00000019  c_w.l(libinit2.o)
    0x00000142   0x00000142   0x00000000   Code   RO          689    .ARM.Collect$$libinit$$0000001B  c_w.l(libinit2.o)
    0x00000142   0x00000142   0x00000000   Code   RO          691    .ARM.Collect$$libinit$$0000001D  c_w.l(libinit2.o)
    0x00000142   0x00000142   0x00000000   Code   RO          693    .ARM.Collect$$libinit$$0000001F  c_w.l(libinit2.o)
    0x00000142   0x00000142   0x00000000   Code   RO          695    .ARM.Collect$$libinit$$00000021  c_w.l(libinit2.o)
    0x00000142   0x00000142   0x00000000   Code   RO          697    .ARM.Collect$$libinit$$00000023  c_w.l(libinit2.o)
    0x00000142   0x00000142   0x00000000   Code   RO          699    .ARM.Collect$$libinit$$00000025  c_w.l(libinit2.o)
    0x00000142   0x00000142   0x00000000   Code   RO          703    .ARM.Collect$$libinit$$0000002C  c_w.l(libinit2.o)
    0x00000142   0x00000142   0x00000000   Code   RO          705    .ARM.Collect$$libinit$$0000002E  c_w.l(libinit2.o)
    0x00000142   0x00000142   0x00000000   Code   RO          707    .ARM.Collect$$libinit$$00000030  c_w.l(libinit2.o)
    0x00000142   0x00000142   0x00000000   Code   RO          709    .ARM.Collect$$libinit$$00000032  c_w.l(libinit2.o)
    0x00000142   0x00000142   0x00000002   Code   RO          710    .ARM.Collect$$libinit$$00000033  c_w.l(libinit2.o)
    0x00000144   0x00000144   0x00000002   Code   RO          741    .ARM.Collect$$libshutdown$$00000000  c_w.l(libshutdown.o)
    0x00000146   0x00000146   0x00000000   Code   RO          767    .ARM.Collect$$libshutdown$$00000002  c_w.l(libshutdown2.o)
    0x00000146   0x00000146   0x00000000   Code   RO          769    .ARM.Collect$$libshutdown$$00000004  c_w.l(libshutdown2.o)
    0x00000146   0x00000146   0x00000000   Code   RO          772    .ARM.Collect$$libshutdown$$00000007  c_w.l(libshutdown2.o)
    0x00000146   0x00000146   0x00000000   Code   RO          775    .ARM.Collect$$libshutdown$$0000000A  c_w.l(libshutdown2.o)
    0x00000146   0x00000146   0x00000000   Code   RO          777    .ARM.Collect$$libshutdown$$0000000C  c_w.l(libshutdown2.o)
    0x00000146   0x00000146   0x00000000   Code   RO          780    .ARM.Collect$$libshutdown$$0000000F  c_w.l(libshutdown2.o)
    0x00000146   0x00000146   0x00000002   Code   RO          781    .ARM.Collect$$libshutdown$$00000010  c_w.l(libshutdown2.o)
    0x00000148   0x00000148   0x00000000   Code   RO          619    .ARM.Collect$$rtentry$$00000000  c_w.l(__rtentry.o)
    0x00000148   0x00000148   0x00000000   Code   RO          625    .ARM.Collect$$rtentry$$00000002  c_w.l(__rtentry2.o)
    0x00000148   0x00000148   0x00000006   Code   RO          637    .ARM.Collect$$rtentry$$00000004  c_w.l(__rtentry4.o)
    0x0000014e   0x0000014e   0x00000000   Code   RO          627    .ARM.Collect$$rtentry$$00000009  c_w.l(__rtentry2.o)
    0x0000014e   0x0000014e   0x00000004   Code   RO          628    .ARM.Collect$$rtentry$$0000000A  c_w.l(__rtentry2.o)
    0x00000152   0x00000152   0x00000000   Code   RO          630    .ARM.Collect$$rtentry$$0000000C  c_w.l(__rtentry2.o)
    0x00000152   0x00000152   0x00000008   Code   RO          631    .ARM.Collect$$rtentry$$0000000D  c_w.l(__rtentry2.o)
    0x0000015a   0x0000015a   0x00000002   Code   RO          658    .ARM.Collect$$rtexit$$00000000  c_w.l(rtexit.o)
    0x0000015c   0x0000015c   0x00000000   Code   RO          714    .ARM.Collect$$rtexit$$00000002  c_w.l(rtexit2.o)
    0x0000015c   0x0000015c   0x00000004   Code   RO          715    .ARM.Collect$$rtexit$$00000003  c_w.l(rtexit2.o)
    0x00000160   0x00000160   0x00000006   Code   RO          716    .ARM.Collect$$rtexit$$00000004  c_w.l(rtexit2.o)
    0x00000166   0x00000166   0x00000002   PAD
    0x00000168   0x00000168   0x0000003c   Code   RO          567    .text               startup_lpc17xx.o
    0x000001a4   0x000001a4   0x00000006   Code   RO          615    .text               c_w.l(heapauxi.o)
    0x000001aa   0x000001aa   0x0000004a   Code   RO          641    .text               c_w.l(sys_stackheap_outer.o)
    0x000001f4   0x000001f4   0x00000012   Code   RO          643    .text               c_w.l(exit.o)
    0x00000206   0x00000206   0x00000002   PAD
    0x00000208   0x00000208   0x00000008   Code   RO          655    .text               c_w.l(libspace.o)
    0x00000210   0x00000210   0x0000000c   Code   RO          711    .text               c_w.l(sys_exit.o)
    0x0000021c   0x0000021c   0x00000002   Code   RO          730    .text               c_w.l(use_no_semi.o)
    0x0000021e   0x0000021e   0x00000000   Code   RO          732    .text               c_w.l(indicate_semi.o)
    0x0000021e   0x0000021e   0x00000002   PAD
    0x00000220   0x00000220   0x00000020   Code   RO          444    i.UART2_IRQHandler  uart2.o
    0x00000240   0x00000240   0x00000028   Code   RO          206    i._Z10buttonInitv   button.o
    0x00000268   0x00000268   0x00000014   Code   RO          527    i._Z10coupleInitv   couple.o
    0x0000027c   0x0000027c   0x00000020   Code   RO          363    i._Z10modbusInitv   modbus.o
    0x0000029c   0x0000029c   0x00000028   Code   RO          251    i._Z10remoteInitv   remote.o
    0x000002c4   0x000002c4   0x00000030   Code   RO          167    i._Z10sensorInitv   sensor.o
    0x000002f4   0x000002f4   0x00000008   Code   RO          294    i._Z7ic5Initv       ic5.o
    0x000002fc   0x000002fc   0x00000004   Code   RO          566    .ARM.__at_0x02FC    startup_lpc17xx.o
    0x00000300   0x00000300   0x00000140   Code   RO          577    i.SystemInit        system_lpc17xx.o
    0x00000440   0x00000440   0x00000014   Code   RO          289    i._Z11ic5IsStopedv  ic5.o
    0x00000454   0x00000454   0x00000014   Code   RO          528    i._Z12coupleEnablev  couple.o
    0x00000468   0x00000468   0x00000184   Code   RO           96    i._Z12startProcessv  process.o
    0x000005ec   0x000005ec   0x00000014   Code   RO          529    i._Z13coupleDisablev  couple.o
    0x00000600   0x00000600   0x000000d8   Code   RO          207    i._Z13getReadButtonv  button.o
    0x000006d8   0x000006d8   0x000000d8   Code   RO          252    i._Z13getReadRemotev  remote.o
    0x000007b0   0x000007b0   0x00000168   Code   RO          168    i._Z13getReadSensorv  sensor.o
    0x00000918   0x00000918   0x00000014   Code   RO          293    i._Z15ic5SetFrequencyh  ic5.o
    0x0000092c   0x0000092c   0x00000024   Code   RO          366    i._Z17modbusClearBufferv  modbus.o
    0x00000950   0x00000950   0x0000003a   Code   RO          367    i._Z18modbusCrcCalculatePhi  modbus.o
    0x0000098a   0x0000098a   0x00000002   PAD
    0x0000098c   0x0000098c   0x00000090   Code   RO          368    i._Z18modbusReadRegisterhtt  modbus.o
    0x00000a1c   0x00000a1c   0x000000a4   Code   RO          369    i._Z19modbusWriteRegisterhtt  modbus.o
    0x00000ac0   0x00000ac0   0x00000034   Code   RO          370    i._Z20modbusOnReceivedByteh  modbus.o
    0x00000af4   0x00000af4   0x00000012   Code   RO          511    i._Z5sleepl         sleep.o
    0x00000b06   0x00000b06   0x0000000e   Code   RO          295    i._Z7ic5Stopv       ic5.o
    0x00000b14   0x00000b14   0x00000018   Code   RO          121    i._Z8doorInitv      door.o
    0x00000b2c   0x00000b2c   0x0000000a   Code   RO          122    i._Z8doorOpenv      door.o
    0x00000b36   0x00000b36   0x00000008   Code   RO          123    i._Z8doorStopv      door.o
    0x00000b3e   0x00000b3e   0x00000018   Code   RO          296    i._Z8ic5Startb      ic5.o
    0x00000b56   0x00000b56   0x0000000a   Code   RO          124    i._Z9doorClosev     door.o
    0x00000b60   0x00000b60   0x00000010   Code   RO            4    i.main              main.o
    0x00000b70   0x00000b70   0x00000094   Code   RO          445    i.uart2Init         uart2.o
    0x00000c04   0x00000c04   0x0000000c   Code   RO          446    i.uart2SetFunctionOnReceivedData  uart2.o
    0x00000c10   0x00000c10   0x00000058   Code   RO          447    i.uart2WriteBuffer  uart2.o
    0x00000c68   0x00000c68   0x00000030   Data   RO          782    Region$$Table       anon$$obj.o


    Execution Region RW_IRAM1 (Exec base: 0x10000000, Load base: 0x00000c98, Size: 0x00000200, Max: 0x00008000, ABSOLUTE)

    Exec Addr    Load Addr    Size         Type   Attr      Idx    E Section Name        Object

    0x10000000        -       0x00000200   Zero   RW          563    STACK               startup_lpc17xx.o


    Execution Region RW_IRAM2 (Exec base: 0x2007c000, Load base: 0x00000c98, Size: 0x00000088, Max: 0x00008000, ABSOLUTE)

    Exec Addr    Load Addr    Size         Type   Attr      Idx    E Section Name        Object

    0x2007c000   0x00000c98   0x00000008   Data   RW          171    .data               sensor.o
    0x2007c008   0x00000ca0   0x00000003   Data   RW          210    .data               button.o
    0x2007c00b   0x00000ca3   0x00000003   Data   RW          255    .data               remote.o
    0x2007c00e   0x00000ca6   0x00000002   Data   RW          380    .data               modbus.o
    0x2007c010   0x00000ca8   0x00000004   Data   RW          456    .data               uart2.o
    0x2007c014        -       0x00000014   Zero   RW          379    .bss                modbus.o
    0x2007c028        -       0x00000060   Zero   RW          656    .bss                c_w.l(libspace.o)
    0x2007c088        -       0x00000000   Zero   RW          564    HEAP                startup_lpc17xx.o


==============================================================================

Image component sizes


      Code (inc. data)   RO Data    RW Data    ZI Data      Debug   Object Name

       256         26          0          3          0       1599   button.o
        60         18          0          0          0       1180   couple.o
        52          0          0          0          0       1629   door.o
        86          0          0          0          0       2191   ic5.o
        16          0          0          0          0      21495   main.o
       486         50          0          2         20       4253   modbus.o
       388         54          0          0          0        803   process.o
       256         26          0          3          0       1595   remote.o
       408         44          0          8          0       2081   sensor.o
        18          0          0          0          0        424   sleep.o
        64         26        204          0        512       1040   startup_lpc17xx.o
       320         18          0          0          0        593   system_lpc17xx.o
       280         48          0          4          0      30032   uart2.o

    ----------------------------------------------------------------------
      2692        310        252         20        532      68915   Object Totals
         0          0         48          0          0          0   (incl. Generated)
         2          0          0          0          0          0   (incl. Padding)

    ----------------------------------------------------------------------

      Code (inc. data)   RO Data    RW Data    ZI Data      Debug   Library Member Name

         8          0          0          0          0         68   __main.o
         0          0          0          0          0          0   __rtentry.o
        12          0          0          0          0          0   __rtentry2.o
         6          0          0          0          0          0   __rtentry4.o
        52          8          0          0          0          0   __scatter.o
        26          0          0          0          0          0   __scatter_copy.o
        28          0          0          0          0          0   __scatter_zi.o
        18          0          0          0          0         80   exit.o
         6          0          0          0          0        152   heapauxi.o
         0          0          0          0          0          0   indicate_semi.o
         2          0          0          0          0          0   libinit.o
         2          0          0          0          0          0   libinit2.o
         2          0          0          0          0          0   libshutdown.o
         2          0          0          0          0          0   libshutdown2.o
         8          4          0          0         96         68   libspace.o
         2          0          0          0          0          0   rtexit.o
        10          0          0          0          0          0   rtexit2.o
        12          4          0          0          0         68   sys_exit.o
        74          0          0          0          0         80   sys_stackheap_outer.o
         2          0          0          0          0         68   use_no_semi.o

    ----------------------------------------------------------------------
       280         16          0          0         96        584   Library Totals
         8          0          0          0          0          0   (incl. Padding)

    ----------------------------------------------------------------------

      Code (inc. data)   RO Data    RW Data    ZI Data      Debug   Library Name

       272         16          0          0         96        584   c_w.l

    ----------------------------------------------------------------------
       280         16          0          0         96        584   Library Totals

    ----------------------------------------------------------------------

==============================================================================


      Code (inc. data)   RO Data    RW Data    ZI Data      Debug   

      2972        326        252         20        628      67831   Grand Totals
      2972        326        252         20        628      67831   ELF Image Totals
      2972        326        252         20          0          0   ROM Totals

==============================================================================

    Total RO  Size (Code + RO Data)                 3224 (   3.15kB)
    Total RW  Size (RW Data + ZI Data)               648 (   0.63kB)
    Total ROM Size (Code + RO Data + RW Data)       3244 (   3.17kB)

==============================================================================

